<html>
<body>
<pre>
<h1>µVision Build Log</h1>
<h2>Project:</h2>
D:\Documents\GitHub\100ADCaptureCard\BaseBoard\USER\Template.uvproj
Project File Date:  12/03/2013

<h2>Output:</h2>
Build target 'BaseBoard'
linking...
Program Size: Code=4536 RO-data=268 RW-data=44 ZI-data=1636  
FromELF: creating hex file...
"..\OBJ\BaseBoard.axf" - 0 Error(s), 0 Warning(s).
Build target 'BaseBoard'
compiling main.c...
linking...
Program Size: Code=4516 RO-data=268 RW-data=44 ZI-data=1636  
FromELF: creating hex file...
"..\OBJ\BaseBoard.axf" - 0 Error(s), 0 Warning(s).
Build target 'BaseBoard'
compiling main.c...
linking...
Program Size: Code=4512 RO-data=268 RW-data=44 ZI-data=1636  
FromELF: creating hex file...
"..\OBJ\BaseBoard.axf" - 0 Error(s), 0 Warning(s).
