<html>
<body>
<pre>
<h1>µVision Build Log</h1>
<h2>Project:</h2>
D:\Documents\GitHub\100ADCaptureCard\BaseBoard\USER\Template.uvproj
Project File Date:  11/22/2013

<h2>Output:</h2>
Build target 'BaseBoard'
linking...
Program Size: Code=4552 RO-data=268 RW-data=44 ZI-data=1636  
FromELF: creating hex file...
"..\OBJ\Template.axf" - 0 Error(s), 0 Warning(s).
Build target 'BaseBoard'
compiling main.c...
compiling stm32f10x_it.c...
compiling system_stm32f10x.c...
compiling core_cm3.c...
assembling startup_stm32f10x_md.s...
compiling misc.c...
compiling stm32f10x_adc.c...
compiling stm32f10x_bkp.c...
compiling stm32f10x_can.c...
compiling stm32f10x_cec.c...
compiling stm32f10x_crc.c...
compiling stm32f10x_dac.c...
compiling stm32f10x_dbgmcu.c...
compiling stm32f10x_dma.c...
compiling stm32f10x_exti.c...
compiling stm32f10x_flash.c...
compiling stm32f10x_fsmc.c...
compiling stm32f10x_gpio.c...
compiling stm32f10x_i2c.c...
compiling stm32f10x_iwdg.c...
compiling stm32f10x_pwr.c...
compiling stm32f10x_rcc.c...
compiling stm32f10x_rtc.c...
compiling stm32f10x_sdio.c...
compiling stm32f10x_spi.c...
compiling stm32f10x_tim.c...
compiling stm32f10x_usart.c...
compiling stm32f10x_wwdg.c...
compiling led.c...
compiling boardonline.c...
compiling usart.c...
compiling delay.c...
compiling sys.c...
compiling doubleLink.c...
linking...
Program Size: Code=4552 RO-data=268 RW-data=44 ZI-data=1636  
FromELF: creating hex file...
"..\OBJ\Template.axf" - 0 Error(s), 0 Warning(s).
Build target 'BaseBoard'
compiling main.c...
compiling usart.c...
..\HARDWARE\USART\usart.c(69): error:  #20: identifier "dat" is undefined
..\HARDWARE\USART\usart.c(73): warning:  #223-D: function "delay_ms" declared implicitly
..\HARDWARE\USART\usart.c(83): warning:  #223-D: function "delay" declared implicitly
Target not created
Build target 'BaseBoard'
compiling usart.c...
..\HARDWARE\USART\usart.c(73): warning:  #223-D: function "delay_ms" declared implicitly
..\HARDWARE\USART\usart.c(83): warning:  #223-D: function "delay" declared implicitly
linking...
..\OBJ\Template.axf: Error: L6218E: Undefined symbol delay (referred from usart.o).
Target not created
Build target 'BaseBoard'
compiling main.c...
compiling usart.c...
..\HARDWARE\USART\usart.c(73): warning:  #223-D: function "delay_ms" declared implicitly
..\HARDWARE\USART\usart.c(83): warning:  #223-D: function "delay" declared implicitly
linking...
..\OBJ\Template.axf: Error: L6218E: Undefined symbol delay (referred from usart.o).
Target not created
Build target 'BaseBoard'
compiling usart.c...
..\HARDWARE\USART\usart.c(73): warning:  #223-D: function "delay_ms" declared implicitly
linking...
Program Size: Code=5940 RO-data=268 RW-data=44 ZI-data=1636  
FromELF: creating hex file...
"..\OBJ\Template.axf" - 0 Error(s), 1 Warning(s).
Build target 'BaseBoard'
compiling main.c...
compiling usart.c...
linking...
Program Size: Code=5940 RO-data=268 RW-data=44 ZI-data=1636  
FromELF: creating hex file...
"..\OBJ\Template.axf" - 0 Error(s), 0 Warning(s).
Build target 'BaseBoard'
compiling main.c...
main.c(33): error:  #167: argument of type "char *" is incompatible with parameter of type "uint16_t *"
main.c(36): error:  #167: argument of type "char *" is incompatible with parameter of type "uint16_t *"
Target not created
Build target 'BaseBoard'
compiling main.c...
compiling usart.c...
linking...
Program Size: Code=5968 RO-data=268 RW-data=44 ZI-data=1636  
FromELF: creating hex file...
"..\OBJ\Template.axf" - 0 Error(s), 0 Warning(s).
Build target 'BaseBoard'
linking...
Program Size: Code=5968 RO-data=268 RW-data=44 ZI-data=1636  
FromELF: creating hex file...
"..\OBJ\Template.axf" - 0 Error(s), 0 Warning(s).
Build target 'BaseBoard'
linking...
Program Size: Code=5968 RO-data=268 RW-data=44 ZI-data=1636  
FromELF: creating hex file...
"..\OBJ\BaseBoard.axf" - 0 Error(s), 0 Warning(s).
Build target 'BaseBoard'
compiling main.c...
linking...
Program Size: Code=5984 RO-data=268 RW-data=44 ZI-data=1636  
FromELF: creating hex file...
"..\OBJ\BaseBoard.axf" - 0 Error(s), 0 Warning(s).
Build target 'BaseBoard'
compiling main.c...
linking...
Program Size: Code=5984 RO-data=268 RW-data=44 ZI-data=1636  
FromELF: creating hex file...
"..\OBJ\BaseBoard.axf" - 0 Error(s), 0 Warning(s).
Build target 'BaseBoard'
compiling main.c...
linking...
Program Size: Code=6000 RO-data=268 RW-data=44 ZI-data=1636  
FromELF: creating hex file...
"..\OBJ\BaseBoard.axf" - 0 Error(s), 0 Warning(s).
Build target 'BaseBoard'
compiling main.c...
linking...
Program Size: Code=6000 RO-data=268 RW-data=44 ZI-data=1636  
FromELF: creating hex file...
"..\OBJ\BaseBoard.axf" - 0 Error(s), 0 Warning(s).
Build target 'BaseBoard'
compiling main.c...
linking...
Program Size: Code=5996 RO-data=268 RW-data=44 ZI-data=1636  
FromELF: creating hex file...
"..\OBJ\BaseBoard.axf" - 0 Error(s), 0 Warning(s).
Build target 'BaseBoard'
compiling main.c...
linking...
Program Size: Code=6000 RO-data=268 RW-data=44 ZI-data=1636  
FromELF: creating hex file...
"..\OBJ\BaseBoard.axf" - 0 Error(s), 0 Warning(s).
Build target 'BaseBoard'
compiling main.c...
linking...
Program Size: Code=6004 RO-data=268 RW-data=44 ZI-data=1636  
FromELF: creating hex file...
"..\OBJ\BaseBoard.axf" - 0 Error(s), 0 Warning(s).
Build target 'BaseBoard'
compiling main.c...
linking...
Program Size: Code=6004 RO-data=268 RW-data=44 ZI-data=1636  
FromELF: creating hex file...
"..\OBJ\BaseBoard.axf" - 0 Error(s), 0 Warning(s).
