<html>
<body>
<pre>
<h1>µVision Build Log</h1>
<h2>Project:</h2>
D:\Documents\GitHub\100ADCaptureCard\AD100\USER\Template.uvproj
Project File Date:  12/02/2013

<h2>Output:</h2>
Build target 'AD100'
compiling main.c...
compiling extit.c...
linking...
Program Size: Code=8336 RO-data=268 RW-data=48 ZI-data=2120  
FromELF: creating hex file...
"..\OBJ\Template.axf" - 0 Error(s), 0 Warning(s).
Build target 'AD100'
compiling extit.c...
linking...
Program Size: Code=8336 RO-data=268 RW-data=48 ZI-data=2120  
FromELF: creating hex file...
"..\OBJ\Template.axf" - 0 Error(s), 0 Warning(s).
Build target 'AD100'
compiling main.c...
compiling extit.c...
linking...
Program Size: Code=8328 RO-data=268 RW-data=48 ZI-data=2120  
FromELF: creating hex file...
"..\OBJ\Template.axf" - 0 Error(s), 0 Warning(s).
Build target 'AD100'
compiling main.c...
linking...
Program Size: Code=8316 RO-data=268 RW-data=48 ZI-data=2120  
FromELF: creating hex file...
"..\OBJ\Template.axf" - 0 Error(s), 0 Warning(s).
