<html>
<body>
<pre>
<h1>µVision Build Log</h1>
<h2>Project:</h2>
D:\Documents\GitHub\100ADCaptureCard\AD100\USER\Template.uvproj
Project File Date:  12/09/2013

<h2>Output:</h2>
Build target 'AD100'
compiling usart.c...
linking...
Program Size: Code=8356 RO-data=268 RW-data=48 ZI-data=2120  
FromELF: creating hex file...
"..\OBJ\Template.axf" - 0 Error(s), 0 Warning(s).
Build target 'AD100'
compiling main.c...
..\HARDWARE\USART\usart.h(7): warning:  #1295-D: Deprecated declaration Usart485_ControlInit - give arg types
..\HARDWARE\USART\usart.h(8): warning:  #1295-D: Deprecated declaration Usart485_Enable - give arg types
..\HARDWARE\USART\usart.h(9): warning:  #1295-D: Deprecated declaration Usart485_Disable - give arg types
compiling usart.c...
..\HARDWARE\USART\usart.h(7): warning:  #1295-D: Deprecated declaration Usart485_ControlInit - give arg types
..\HARDWARE\USART\usart.h(8): warning:  #1295-D: Deprecated declaration Usart485_Enable - give arg types
..\HARDWARE\USART\usart.h(9): warning:  #1295-D: Deprecated declaration Usart485_Disable - give arg types
linking...
Program Size: Code=8384 RO-data=268 RW-data=48 ZI-data=2120  
FromELF: creating hex file...
"..\OBJ\Template.axf" - 0 Error(s), 6 Warning(s).
Build target 'AD100'
compiling main.c...
..\HARDWARE\USART\usart.h(7): warning:  #1295-D: Deprecated declaration Usart485_ControlInit - give arg types
..\HARDWARE\USART\usart.h(8): warning:  #1295-D: Deprecated declaration Usart485_Enable - give arg types
..\HARDWARE\USART\usart.h(9): warning:  #1295-D: Deprecated declaration Usart485_Disable - give arg types
compiling usart.c...
..\HARDWARE\USART\usart.h(7): warning:  #1295-D: Deprecated declaration Usart485_ControlInit - give arg types
..\HARDWARE\USART\usart.h(8): warning:  #1295-D: Deprecated declaration Usart485_Enable - give arg types
..\HARDWARE\USART\usart.h(9): warning:  #1295-D: Deprecated declaration Usart485_Disable - give arg types
linking...
Program Size: Code=8396 RO-data=268 RW-data=48 ZI-data=2120  
FromELF: creating hex file...
"..\OBJ\Template.axf" - 0 Error(s), 6 Warning(s).
Build target 'AD100'
compiling main.c...
compiling usart.c...
linking...
Program Size: Code=8396 RO-data=268 RW-data=48 ZI-data=2120  
FromELF: creating hex file...
"..\OBJ\Template.axf" - 0 Error(s), 0 Warning(s).
