<html>
<body>
<pre>
<h1>µVision Build Log</h1>
<h2>Project:</h2>
D:\embed tools\Template\USER\Template.uvproj
Project File Date:  11/16/2013

<h2>Output:</h2>
compiling main.c...
stm32f10x.h(96): error:  #35: #error directive: "Please select first the target STM32F10x device used in your application (in stm32f10x.h file)"
main.c - 1 Error(s), 0 Warning(s).
compiling main.c...
C:\Keil\ARM\INC\ST\STM32F10x\stm32f10x_type.h(23): error:  #256: invalid redeclaration of type name "s32" (declared at line 487 of "stm32f10x.h")
C:\Keil\ARM\INC\ST\STM32F10x\stm32f10x_type.h(27): error:  #256: invalid redeclaration of type name "sc32" (declared at line 491 of "stm32f10x.h")
C:\Keil\ARM\INC\ST\STM32F10x\stm32f10x_type.h(31): error:  #256: invalid redeclaration of type name "vs32" (declared at line 495 of "stm32f10x.h")
C:\Keil\ARM\INC\ST\STM32F10x\stm32f10x_type.h(35): error:  #256: invalid redeclaration of type name "vsc32" (declared at line 499 of "stm32f10x.h")
C:\Keil\ARM\INC\ST\STM32F10x\stm32f10x_type.h(39): error:  #256: invalid redeclaration of type name "u32" (declared at line 503 of "stm32f10x.h")
C:\Keil\ARM\INC\ST\STM32F10x\stm32f10x_type.h(43): error:  #256: invalid redeclaration of type name "uc32" (declared at line 507 of "stm32f10x.h")
C:\Keil\ARM\INC\ST\STM32F10x\stm32f10x_type.h(47): error:  #256: invalid redeclaration of type name "vu32" (declared at line 511 of "stm32f10x.h")
C:\Keil\ARM\INC\ST\STM32F10x\stm32f10x_type.h(51): error:  #256: invalid redeclaration of type name "vuc32" (declared at line 515 of "stm32f10x.h")
C:\Keil\ARM\INC\ST\STM32F10x\stm32f10x_type.h(57): error:  #101: "RESET" has already been declared in the current scope
C:\Keil\ARM\INC\ST\STM32F10x\stm32f10x_type.h(57): error:  #101: "SET" has already been declared in the current scope
C:\Keil\ARM\INC\ST\STM32F10x\stm32f10x_type.h(57): error:  #256: invalid redeclaration of type name "FlagStatus" (declared at line 519 of "stm32f10x.h")
C:\Keil\ARM\INC\ST\STM32F10x\stm32f10x_type.h(57): error:  #256: invalid redeclaration of type name "ITStatus" (declared at line 519 of "stm32f10x.h")
C:\Keil\ARM\INC\ST\STM32F10x\stm32f10x_type.h(59): error:  #101: "DISABLE" has already been declared in the current scope
C:\Keil\ARM\INC\ST\STM32F10x\stm32f10x_type.h(59): error:  #101: "ENABLE" has already been declared in the current scope
C:\Keil\ARM\INC\ST\STM32F10x\stm32f10x_type.h(59): error:  #256: invalid redeclaration of type name "FunctionalState" (declared at line 521 of "stm32f10x.h")
C:\Keil\ARM\INC\ST\STM32F10x\stm32f10x_type.h(62): error:  #101: "ERROR" has already been declared in the current scope
C:\Keil\ARM\INC\ST\STM32F10x\stm32f10x_type.h(62): error:  #101: "SUCCESS" has already been declared in the current scope
C:\Keil\ARM\INC\ST\STM32F10x\stm32f10x_type.h(62): error:  #256: invalid redeclaration of type name "ErrorStatus" (declared at line 524 of "stm32f10x.h")
C:\Keil\ARM\INC\ST\STM32F10x\cortexm3_macro.h(30): error:  #55: too many arguments in macro invocation
C:\Keil\ARM\INC\ST\STM32F10x\cortexm3_macro.h(30): error:  #79: expected a type specifier
C:\Keil\ARM\INC\ST\STM32F10x\cortexm3_macro.h(31): error:  #55: too many arguments in macro invocation
C:\Keil\ARM\INC\ST\STM32F10x\cortexm3_macro.h(31): error:  #79: expected a type specifier
C:\Keil\ARM\INC\ST\STM32F10x\cortexm3_macro.h(32): error:  #55: too many arguments in macro invocation
C:\Keil\ARM\INC\ST\STM32F10x\cortexm3_macro.h(32): error:  #79: expected a type specifier
C:\Keil\ARM\INC\ST\STM32F10x\stm32f10x_map.h(58): error:  #256: invalid redeclaration of type name "ADC_TypeDef" (declared at line 564 of "stm32f10x.h")
C:\Keil\ARM\INC\ST\STM32F10x\stm32f10x_map.h(154): error:  #256: invalid redeclaration of type name "BKP_TypeDef" (declared at line 663 of "stm32f10x.h")
C:\Keil\ARM\INC\ST\STM32F10x\stm32f10x_map.h(163): error:  #256: invalid redeclaration of type name "CAN_TxMailBox_TypeDef" (declared at line 675 of "stm32f10x.h")
C:\Keil\ARM\INC\ST\STM32F10x\stm32f10x_map.h(171): error:  #256: invalid redeclaration of type name "CAN_FIFOMailBox_TypeDef" (declared at line 687 of "stm32f10x.h")
C:\Keil\ARM\INC\ST\STM32F10x\stm32f10x_map.h(177): error:  #256: invalid redeclaration of type name "CAN_FilterRegister_TypeDef" (declared at line 697 of "stm32f10x.h")
C:\Keil\ARM\INC\ST\STM32F10x\stm32f10x_map.h(203): error:  #256: invalid redeclaration of type name "CAN_TypeDef" (declared at line 731 of "stm32f10x.h")
main.c - 30 Error(s), 0 Warning(s).
compiling main.c...
main.c(32): warning:  #111-D: statement is unreachable
main.c - 0 Error(s), 1 Warning(s).
compiling main.c...
main.c - 0 Error(s), 0 Warning(s).
Build target 'Template'
compiling stm32f10x_it.c...
compiling system_stm32f10x.c...
compiling core_cm3.c...
assembling startup_stm32f10x_md.s...
compiling misc.c...
compiling stm32f10x_adc.c...
compiling stm32f10x_bkp.c...
compiling stm32f10x_can.c...
compiling stm32f10x_cec.c...
compiling stm32f10x_crc.c...
compiling stm32f10x_dac.c...
compiling stm32f10x_dbgmcu.c...
compiling stm32f10x_dma.c...
compiling stm32f10x_exti.c...
compiling stm32f10x_flash.c...
compiling stm32f10x_fsmc.c...
compiling stm32f10x_gpio.c...
compiling stm32f10x_i2c.c...
compiling stm32f10x_iwdg.c...
compiling stm32f10x_pwr.c...
compiling stm32f10x_rcc.c...
compiling stm32f10x_rtc.c...
compiling stm32f10x_sdio.c...
compiling stm32f10x_spi.c...
compiling stm32f10x_tim.c...
compiling stm32f10x_usart.c...
compiling stm32f10x_wwdg.c...
linking...
Program Size: Code=868 RO-data=268 RW-data=20 ZI-data=1636  
FromELF: creating hex file...
"..\OBJ\Template.axf" - 0 Error(s), 0 Warning(s).
Build target 'Template'
compiling main.c...
linking...
Program Size: Code=868 RO-data=268 RW-data=20 ZI-data=1636  
FromELF: creating hex file...
"..\OBJ\Template.axf" - 0 Error(s), 0 Warning(s).
